0 verbose cli C:\Program Files\nodejs\node.exe C:\Program Files\nodejs\node_modules\npm\bin\npm-cli.js
1 info using npm@10.9.4
2 info using node@v22.21.0
3 silly config load:file:C:\Program Files\nodejs\node_modules\npm\npmrc
4 silly config load:file:C:\Users\Raple\Desktop\2026_UTN_PWA_TN_MAR_JUE\blp-leo\.npmrc
5 silly config load:file:C:\Users\Raple\.npmrc
6 silly config load:file:C:\Users\Raple\AppData\Roaming\npm\etc\npmrc
7 verbose title npm install
8 verbose argv "install"
9 verbose logfile logs-max:10 dir:C:\Users\Raple\Desktop\2026_UTN_PWA_TN_MAR_JUE\blp-leo\.npm-cache\_logs\2026-06-04T22_53_57_721Z-
10 verbose logfile C:\Users\Raple\Desktop\2026_UTN_PWA_TN_MAR_JUE\blp-leo\.npm-cache\_logs\2026-06-04T22_53_57_721Z-debug-0.log
11 silly logfile done cleaning log files
12 silly packumentCache heap:4345298944 maxSize:1086324736 maxEntrySize:543162368
13 silly idealTree buildDeps
14 silly fetch manifest @vitejs/plugin-react@5.0.4
15 silly packumentCache full:https://registry.npmjs.org/@vitejs%2fplugin-react cache-miss
16 http fetch GET https://registry.npmjs.org/npm attempt 1 failed with EACCES
17 http fetch GET https://registry.npmjs.org/@vitejs%2fplugin-react attempt 1 failed with EACCES
18 http fetch GET https://registry.npmjs.org/npm attempt 2 failed with EACCES
19 http fetch GET https://registry.npmjs.org/@vitejs%2fplugin-react attempt 2 failed with EACCES
20 http fetch GET https://registry.npmjs.org/npm attempt 3 failed with EACCES
21 http fetch GET https://registry.npmjs.org/@vitejs%2fplugin-react attempt 3 failed with EACCES
22 silly fetch manifest vite@6.4.2
23 silly packumentCache full:https://registry.npmjs.org/vite cache-miss
24 http fetch GET https://registry.npmjs.org/vite attempt 1 failed with EACCES
25 http fetch GET https://registry.npmjs.org/vite attempt 2 failed with EACCES
