0 verbose cli C:\Program Files\nodejs\node.exe C:\Program Files\nodejs\node_modules\npm\bin\npm-cli.js
1 info using npm@10.9.4
2 info using node@v22.21.0
3 silly config load:file:C:\Program Files\nodejs\node_modules\npm\npmrc
4 silly config load:file:C:\Users\Raple\Desktop\2026_UTN_PWA_TN_MAR_JUE\blp-leo\.npmrc
5 silly config load:file:C:\Users\Raple\.npmrc
6 silly config load:file:C:\Users\Raple\AppData\Roaming\npm\etc\npmrc
7 verbose title npm install
8 verbose argv "install"
9 verbose logfile logs-max:10 dir:C:\Users\Raple\Desktop\2026_UTN_PWA_TN_MAR_JUE\blp-leo\.npm-cache\_logs\2026-06-04T22_56_16_280Z-
10 verbose logfile C:\Users\Raple\Desktop\2026_UTN_PWA_TN_MAR_JUE\blp-leo\.npm-cache\_logs\2026-06-04T22_56_16_280Z-debug-0.log
11 silly logfile done cleaning log files
12 silly packumentCache heap:4345298944 maxSize:1086324736 maxEntrySize:543162368
13 silly idealTree buildDeps
14 silly fetch manifest @vitejs/plugin-react@5.0.4
15 silly packumentCache full:https://registry.npmjs.org/@vitejs%2fplugin-react cache-miss
16 http fetch GET https://registry.npmjs.org/@vitejs%2fplugin-react attempt 1 failed with UNABLE_TO_VERIFY_LEAF_SIGNATURE
17 http fetch GET https://registry.npmjs.org/@vitejs%2fplugin-react attempt 2 failed with UNABLE_TO_VERIFY_LEAF_SIGNATURE
18 http fetch GET https://registry.npmjs.org/@vitejs%2fplugin-react attempt 3 failed with UNABLE_TO_VERIFY_LEAF_SIGNATURE
19 silly fetch manifest vite@6.4.2
20 silly packumentCache full:https://registry.npmjs.org/vite cache-miss
21 http fetch GET https://registry.npmjs.org/vite attempt 1 failed with UNABLE_TO_VERIFY_LEAF_SIGNATURE
22 http fetch GET https://registry.npmjs.org/vite attempt 2 failed with UNABLE_TO_VERIFY_LEAF_SIGNATURE
23 http fetch GET https://registry.npmjs.org/vite attempt 3 failed with UNABLE_TO_VERIFY_LEAF_SIGNATURE
24 silly fetch manifest react@19.2.0
25 silly packumentCache full:https://registry.npmjs.org/react cache-miss
26 http fetch GET https://registry.npmjs.org/react attempt 1 failed with UNABLE_TO_VERIFY_LEAF_SIGNATURE
27 http fetch GET https://registry.npmjs.org/react attempt 2 failed with UNABLE_TO_VERIFY_LEAF_SIGNATURE
28 http fetch GET https://registry.npmjs.org/react attempt 3 failed with UNABLE_TO_VERIFY_LEAF_SIGNATURE
29 silly fetch manifest react-dom@19.2.0
30 silly packumentCache full:https://registry.npmjs.org/react-dom cache-miss
31 http fetch GET https://registry.npmjs.org/react-dom attempt 1 failed with UNABLE_TO_VERIFY_LEAF_SIGNATURE
32 http fetch GET https://registry.npmjs.org/react-dom attempt 2 failed with UNABLE_TO_VERIFY_LEAF_SIGNATURE
33 http fetch GET https://registry.npmjs.org/react-dom attempt 3 failed with UNABLE_TO_VERIFY_LEAF_SIGNATURE
34 silly placeDep ROOT @vitejs/plugin-react@ OK for: blp-leo@0.0.0 want: 5.0.4
35 silly placeDep ROOT react@ OK for: blp-leo@0.0.0 want: 19.2.0
36 silly placeDep ROOT react-dom@ OK for: blp-leo@0.0.0 want: 19.2.0
37 silly placeDep ROOT vite@ OK for: blp-leo@0.0.0 want: 6.4.2
38 verbose type system
39 verbose stack FetchError: request to https://registry.npmjs.org/@vitejs%2fplugin-react failed, reason: unable to verify the first certificate
39 verbose stack     at ClientRequest.<anonymous> (C:\Program Files\nodejs\node_modules\npm\node_modules\minipass-fetch\lib\index.js:130:14)
39 verbose stack     at ClientRequest.emit (node:events:519:28)
39 verbose stack     at emitErrorEvent (node:_http_client:107:11)
39 verbose stack     at _destroy (node:_http_client:954:9)
39 verbose stack     at onSocketNT (node:_http_client:974:5)
39 verbose stack     at process.processTicksAndRejections (node:internal/process/task_queues:91:21)
40 error code UNABLE_TO_VERIFY_LEAF_SIGNATURE
41 error errno UNABLE_TO_VERIFY_LEAF_SIGNATURE
42 error request to https://registry.npmjs.org/@vitejs%2fplugin-react failed, reason: unable to verify the first certificate
43 silly unfinished npm timer reify 1780613776742
44 silly unfinished npm timer reify:loadTrees 1780613776743
45 verbose cwd C:\Users\Raple\Desktop\2026_UTN_PWA_TN_MAR_JUE\blp-leo
46 verbose os Windows_NT 10.0.26200
47 verbose node v22.21.0
48 verbose npm  v10.9.4
49 verbose exit 1
50 verbose code 1
51 error A complete log of this run can be found in: C:\Users\Raple\Desktop\2026_UTN_PWA_TN_MAR_JUE\blp-leo\.npm-cache\_logs\2026-06-04T22_56_16_280Z-debug-0.log
